// Jest Snapshot v1, https://goo.gl/fbAQLP

exports[`Button renders correctly 1`] = `
<button
  className="btn btn--is-dark "
>
  <span
    className="btn__inner"
  >
    FOO
  </span>
</button>
`;
