// Jest Snapshot v1, https://goo.gl/fbAQLP

exports[`ChapterTitle renders correctly 1`] = `
<header
  className="header is-dark is-default"
>
  <h1
    className="title"
  >
    FOO
  </h1>
  <h2
    className="subtitle"
  >
    <div
      className="line"
    >
      <span
        className="letter"
        style={
          Object {
            "transform": null,
            "transition": "opacity 100ms 40ms, transform 100ms 40ms",
          }
        }
      >
        B
      </span>
      <span
        className="letter"
        style={
          Object {
            "transform": null,
            "transition": "opacity 200ms 80ms, transform 200ms 80ms",
          }
        }
      >
        A
      </span>
      <span
        className="letter"
        style={
          Object {
            "transform": null,
            "transition": "opacity 300ms 120ms, transform 300ms 120ms",
          }
        }
      >
        R
      </span>
    </div>
  </h2>
</header>
`;
