// Jest Snapshot v1, https://goo.gl/fbAQLP

exports[`BackgroundTransition renders correctly 1`] = `
<div
  className="bgTransition"
>
  <div
    className="bgTransition__img bgTransition__img--active"
    style={
      Object {
        "backgroundImage": "",
        "transitionDuration": "3000ms",
      }
    }
  />
  <div
    className="bgTransition__img"
    style={
      Object {
        "backgroundImage": "",
        "transitionDuration": "3000ms",
      }
    }
  />
  <div
    className="bgTransition__img"
    style={
      Object {
        "backgroundImage": "",
        "transitionDuration": "3000ms",
      }
    }
  />
</div>
`;
