// Jest Snapshot v1, https://goo.gl/fbAQLP

exports[`Disclaimer renders correctly 1`] = `
<div
  className="disclaimer is-dark"
>
  <p>
    FOO
  </p>
</div>
`;
